2025-12-15 05:06:35.941207: I external/local_xla/xla/tsl/cuda/cudart_stub.cc:31] Could not find cuda drivers on your machine, GPU will not be used.
2025-12-15 05:06:35.941961: I tensorflow/core/util/port.cc:153] oneDNN custom operations are on. You may see slightly different numerical results due to floating-point round-off errors from different computation orders. To turn them off, set the environment variable `TF_ENABLE_ONEDNN_OPTS=0`.
2025-12-15 05:06:36.003962: I tensorflow/core/platform/cpu_feature_guard.cc:210] This TensorFlow binary is optimized to use available CPU instructions in performance-critical operations.
To enable the following instructions: AVX2 AVX512F AVX512_VNNI AVX512_BF16 AVX512_FP16 AVX_VNNI AMX_TILE AMX_INT8 AMX_BF16 FMA, in other operations, rebuild TensorFlow with the appropriate compiler flags.
2025-12-15 05:06:36.944211: I tensorflow/core/util/port.cc:153] oneDNN custom operations are on. You may see slightly different numerical results due to floating-point round-off errors from different computation orders. To turn them off, set the environment variable `TF_ENABLE_ONEDNN_OPTS=0`.
2025-12-15 05:06:36.944626: I external/local_xla/xla/tsl/cuda/cudart_stub.cc:31] Could not find cuda drivers on your machine, GPU will not be used.
/home/ubuntu/.local/lib/python3.12/site-packages/tensorflow/lite/python/interpreter.py:457: UserWarning:     Warning: tf.lite.Interpreter is deprecated and is scheduled for deletion in
    TF 2.20. Please use the LiteRT interpreter from the ai_edge_litert package.
    See the [migration guide](https://ai.google.dev/edge/litert/migration)
    for details.
    
  warnings.warn(_INTERPRETER_DELETION_WARNING)
INFO: Created TensorFlow Lite XNNPACK delegate for CPU.
================================================================================
 COMPREHENSIVE PERFORMANCE BENCHMARK
 Radar Trajectory Classification - Inference Metrics
================================================================================

Loading TFLite model from: cpp_models/radar_model.tflite
Traceback (most recent call last):
  File "/workspace/comprehensive_performance_benchmark.py", line 36, in <module>
    interpreter.allocate_tensors()
  File "/home/ubuntu/.local/lib/python3.12/site-packages/tensorflow/lite/python/interpreter.py", line 554, in allocate_tensors
    return self._interpreter.AllocateTensors()
           ^^^^^^^^^^^^^^^^^^^^^^^^^^^^^^^^^^^
RuntimeError: Select TensorFlow op(s), included in the given model, is(are) not supported by this interpreter. Make sure you apply/link the Flex delegate before inference. For the Android, it can be resolved by adding "org.tensorflow:tensorflow-lite-select-tf-ops" dependency. See instructions: https://www.tensorflow.org/lite/guide/ops_selectNode number 1 (FlexTensorListReserve) failed to prepare.
