-- The CXX compiler identification is Clang 18.1.3
-- Detecting CXX compiler ABI info
-- Detecting CXX compiler ABI info - failed
-- Check for working CXX compiler: /usr/bin/c++
-- Check for working CXX compiler: /usr/bin/c++ - broken
CMake Error at /usr/share/cmake-3.28/Modules/CMakeTestCXXCompiler.cmake:60 (message):
  The C++ compiler

    "/usr/bin/c++"

  is not able to compile a simple test program.

  It fails with the following output:

    Change Dir: '/workspace/cpp_inference/build/CMakeFiles/CMakeScratch/TryCompile-ozKaqH'
    
    Run Build Command(s): /usr/bin/cmake -E env VERBOSE=1 /usr/bin/gmake -f Makefile cmTC_2f9ea/fast
    /usr/bin/gmake  -f CMakeFiles/cmTC_2f9ea.dir/build.make CMakeFiles/cmTC_2f9ea.dir/build
    gmake[1]: Entering directory '/workspace/cpp_inference/build/CMakeFiles/CMakeScratch/TryCompile-ozKaqH'
    Building CXX object CMakeFiles/cmTC_2f9ea.dir/testCXXCompiler.cxx.o
    /usr/bin/c++    -MD -MT CMakeFiles/cmTC_2f9ea.dir/testCXXCompiler.cxx.o -MF CMakeFiles/cmTC_2f9ea.dir/testCXXCompiler.cxx.o.d -o CMakeFiles/cmTC_2f9ea.dir/testCXXCompiler.cxx.o -c /workspace/cpp_inference/build/CMakeFiles/CMakeScratch/TryCompile-ozKaqH/testCXXCompiler.cxx
    Linking CXX executable cmTC_2f9ea
    /usr/bin/cmake -E cmake_link_script CMakeFiles/cmTC_2f9ea.dir/link.txt --verbose=1
    /usr/bin/c++ CMakeFiles/cmTC_2f9ea.dir/testCXXCompiler.cxx.o -o cmTC_2f9ea 
    /usr/bin/ld: cannot find -lstdc++: No such file or directory
    c++: error: linker command failed with exit code 1 (use -v to see invocation)
    gmake[1]: *** [CMakeFiles/cmTC_2f9ea.dir/build.make:100: cmTC_2f9ea] Error 1
    gmake[1]: Leaving directory '/workspace/cpp_inference/build/CMakeFiles/CMakeScratch/TryCompile-ozKaqH'
    gmake: *** [Makefile:127: cmTC_2f9ea/fast] Error 2
    
    

  

  CMake will not be able to correctly generate this project.
Call Stack (most recent call first):
  CMakeLists.txt:2 (project)


-- Configuring incomplete, errors occurred!
